[15880:21304:0518/181007.605:WARNING:chrome_main_delegate.cc(745)] This is Chrome version 128.0.6613.138 (not a warning)
[15880:4252:0518/181007.693:WARNING:dns_config_service_win.cc(605)] Failed to read DnsConfig.
[15880:21304:0518/181007.712:WARNING:account_consistency_mode_manager.cc(77)] Desktop Identity Consistency cannot be enabled as no OAuth client ID and client secret have been configured.
[19716:13964:0518/181008.750:WARNING:dns_config_service_win.cc(605)] Failed to read DnsConfig.
[19716:13964:0518/181017.722:WARNING:dns_config_service_win.cc(605)] Failed to read DnsConfig.
[15880:22620:0518/181017.722:WARNING:dns_config_service_win.cc(605)] Failed to read DnsConfig.
[15880:19672:0518/181018.831:WARNING:leveldb_database.cc(141)] Unable to open S:\UNREAL ENGINE\UE BACKUP\BIBOP_2-6_UE\Saved\webcache_6613\Default\shared_proto_db\metadata: IO error: S:\UNREAL ENGINE\UE BACKUP\BIBOP_2-6_UE\Saved\webcache_6613\Default\shared_proto_db\metadata/MANIFEST-000001: Unable to create sequential file (ChromeMethodBFE: 7::NewSequentialFile::1)
[15880:19672:0518/181018.838:WARNING:leveldb_database.cc(141)] Unable to open S:\UNREAL ENGINE\UE BACKUP\BIBOP_2-6_UE\Saved\webcache_6613\Default\shared_proto_db\metadata: IO error: S:\UNREAL ENGINE\UE BACKUP\BIBOP_2-6_UE\Saved\webcache_6613\Default\shared_proto_db\metadata/MANIFEST-000001: Unable to create sequential file (ChromeMethodBFE: 7::NewSequentialFile::1)
[15880:19672:0518/181018.845:WARNING:leveldb_database.cc(141)] Unable to open S:\UNREAL ENGINE\UE BACKUP\BIBOP_2-6_UE\Saved\webcache_6613\Default\shared_proto_db\metadata: IO error: S:\UNREAL ENGINE\UE BACKUP\BIBOP_2-6_UE\Saved\webcache_6613\Default\shared_proto_db\metadata/MANIFEST-000001: Unable to create sequential file (ChromeMethodBFE: 7::NewSequentialFile::1)
[15880:19672:0518/181018.852:WARNING:leveldb_database.cc(141)] Unable to open S:\UNREAL ENGINE\UE BACKUP\BIBOP_2-6_UE\Saved\webcache_6613\Default\shared_proto_db\metadata: IO error: S:\UNREAL ENGINE\UE BACKUP\BIBOP_2-6_UE\Saved\webcache_6613\Default\shared_proto_db\metadata/MANIFEST-000001: Unable to create sequential file (ChromeMethodBFE: 7::NewSequentialFile::1)
[15880:22620:0518/181024.687:WARNING:dns_config_service_win.cc(605)] Failed to read DnsConfig.
[19716:13964:0518/181024.688:WARNING:dns_config_service_win.cc(605)] Failed to read DnsConfig.
[15880:22620:0518/181025.559:WARNING:value_store_frontend.cc(47)] Reading ahfgeienlihckogmohjhadlkjgocpleb.alarms from  failed: IO error: .../MANIFEST-000001: Unable to create sequential file (ChromeMethodBFE: 7::NewSequentialFile::1)
[15880:22620:0518/181025.569:WARNING:value_store_frontend.cc(47)] Reading mhjfbmdgcfjbbpaeojofohoefgiehjai.alarms from  failed: IO error: .../MANIFEST-000001: Unable to create sequential file (ChromeMethodBFE: 7::NewSequentialFile::1)
[15880:13556:0518/181025.637:WARNING:leveldb_database.cc(141)] Unable to open S:\UNREAL ENGINE\UE BACKUP\BIBOP_2-6_UE\Saved\webcache_6613\Default\GCM Store\Encryption: IO error: S:\UNREAL ENGINE\UE BACKUP\BIBOP_2-6_UE\Saved\webcache_6613\Default\GCM Store\Encryption/MANIFEST-000001: Unable to create sequential file (ChromeMethodBFE: 7::NewSequentialFile::1)
[7816:21796:0518/181026.010:WARNING:frame_impl.cc(430)] virtual CefFrameImpl::SendProcessMessage sent to detached frame 5-B8A06CC9AD09FC679696B2621C8893F5 will be ignored
[7284:22424:0518/181026.704:WARNING:frame_impl.cc(430)] virtual CefFrameImpl::SendProcessMessage sent to detached frame 6-F78DA828CDF719AB1AA0FBFEF6C0CB13 will be ignored
[19736:9784:0518/181026.839:ERROR:shared_image_manager.cc(224)] SharedImageManager::ProduceSkia: Trying to Produce a Skia representation from a non-existent mailbox.
[19716:13964:0518/181038.709:WARNING:dns_config_service_win.cc(605)] Failed to read DnsConfig.
[15880:22620:0518/181038.716:WARNING:dns_config_service_win.cc(605)] Failed to read DnsConfig.
[15880:22620:0518/181044.704:WARNING:dns_config_service_win.cc(605)] Failed to read DnsConfig.
[19716:13964:0518/181044.711:WARNING:dns_config_service_win.cc(605)] Failed to read DnsConfig.
[15880:22620:0518/181049.715:WARNING:dns_config_service_win.cc(605)] Failed to read DnsConfig.
[19716:13964:0518/181049.727:WARNING:dns_config_service_win.cc(605)] Failed to read DnsConfig.
[15880:22620:0518/181058.672:WARNING:dns_config_service_win.cc(605)] Failed to read DnsConfig.
[19716:12980:0518/181058.690:WARNING:dns_config_service_win.cc(605)] Failed to read DnsConfig.
[15880:22620:0518/181103.678:WARNING:dns_config_service_win.cc(605)] Failed to read DnsConfig.
[19716:13964:0518/181103.717:WARNING:dns_config_service_win.cc(605)] Failed to read DnsConfig.
[19716:22320:0518/181112.693:WARNING:dns_config_service_win.cc(605)] Failed to read DnsConfig.
[15880:22620:0518/181112.719:WARNING:dns_config_service_win.cc(605)] Failed to read DnsConfig.
[15880:22620:0518/181120.674:WARNING:dns_config_service_win.cc(605)] Failed to read DnsConfig.
[19716:13964:0518/181120.677:WARNING:dns_config_service_win.cc(605)] Failed to read DnsConfig.
[15880:21304:0518/201139.839:ERROR:device_event_log_impl.cc(196)] [20:11:39.729] USB: usb_service_win.cc:105 SetupDiGetDeviceProperty({{A45C254E-DF1C-4EFD-8020-67D146A850E0}, 6}) failed: Элемент не найден. (0x490)
[15880:21304:0519/001829.046:ERROR:device_event_log_impl.cc(196)] [00:18:29.014] USB: usb_service_win.cc:105 SetupDiGetDeviceProperty({{A45C254E-DF1C-4EFD-8020-67D146A850E0}, 6}) failed: Элемент не найден. (0x490)
[15880:21304:0519/010856.638:WARNING:page_discarding_helper.cc(138)] Discarding multiple pages with target (kb): 0
[15880:21304:0519/010901.643:WARNING:page_discarding_helper.cc(138)] Discarding multiple pages with target (kb): 0
[15880:21304:0519/010907.150:WARNING:page_discarding_helper.cc(138)] Discarding multiple pages with target (kb): 0
[15880:21304:0519/010912.150:WARNING:page_discarding_helper.cc(138)] Discarding multiple pages with target (kb): 0
[15880:21304:0519/010917.151:WARNING:page_discarding_helper.cc(138)] Discarding multiple pages with target (kb): 0
[15880:21304:0519/010922.151:WARNING:page_discarding_helper.cc(138)] Discarding multiple pages with target (kb): 0
[15880:21304:0519/010927.153:WARNING:page_discarding_helper.cc(138)] Discarding multiple pages with target (kb): 0
[15880:21304:0519/010932.153:WARNING:page_discarding_helper.cc(138)] Discarding multiple pages with target (kb): 0
[15880:21304:0519/010937.153:WARNING:page_discarding_helper.cc(138)] Discarding multiple pages with target (kb): 0
[15880:21304:0519/010942.154:WARNING:page_discarding_helper.cc(138)] Discarding multiple pages with target (kb): 0
[15880:21304:0519/010947.156:WARNING:page_discarding_helper.cc(138)] Discarding multiple pages with target (kb): 0
[15880:21304:0519/010952.486:WARNING:page_discarding_helper.cc(138)] Discarding multiple pages with target (kb): 0
[15880:21304:0519/010957.624:WARNING:page_discarding_helper.cc(138)] Discarding multiple pages with target (kb): 0
[15880:21304:0519/011002.624:WARNING:page_discarding_helper.cc(138)] Discarding multiple pages with target (kb): 0
[15880:21304:0519/011007.637:WARNING:page_discarding_helper.cc(138)] Discarding multiple pages with target (kb): 0
[15880:21304:0519/011012.767:WARNING:page_discarding_helper.cc(138)] Discarding multiple pages with target (kb): 0
[15880:21304:0519/011017.965:WARNING:page_discarding_helper.cc(138)] Discarding multiple pages with target (kb): 0
[15880:21304:0519/011023.241:WARNING:page_discarding_helper.cc(138)] Discarding multiple pages with target (kb): 0
[15880:21304:0519/011028.271:WARNING:page_discarding_helper.cc(138)] Discarding multiple pages with target (kb): 0
[15880:21304:0519/011033.271:WARNING:page_discarding_helper.cc(138)] Discarding multiple pages with target (kb): 0
[15880:21304:0519/011038.284:WARNING:page_discarding_helper.cc(138)] Discarding multiple pages with target (kb): 0
[15880:21304:0519/011043.288:WARNING:page_discarding_helper.cc(138)] Discarding multiple pages with target (kb): 0
[15880:21304:0519/011048.288:WARNING:page_discarding_helper.cc(138)] Discarding multiple pages with target (kb): 0
[15880:21304:0519/011059.510:WARNING:page_discarding_helper.cc(138)] Discarding multiple pages with target (kb): 0
[15880:21304:0519/011104.561:WARNING:page_discarding_helper.cc(138)] Discarding multiple pages with target (kb): 0
[15880:21304:0519/011109.757:WARNING:page_discarding_helper.cc(138)] Discarding multiple pages with target (kb): 0
[15880:21304:0519/011114.802:WARNING:page_discarding_helper.cc(138)] Discarding multiple pages with target (kb): 0
[15880:21304:0519/011119.856:WARNING:page_discarding_helper.cc(138)] Discarding multiple pages with target (kb): 0
[15880:21304:0519/011124.912:WARNING:page_discarding_helper.cc(138)] Discarding multiple pages with target (kb): 0
[15880:21304:0519/011130.160:WARNING:page_discarding_helper.cc(138)] Discarding multiple pages with target (kb): 0
[15880:21304:0519/011135.211:WARNING:page_discarding_helper.cc(138)] Discarding multiple pages with target (kb): 0
[15880:21304:0519/011140.235:WARNING:page_discarding_helper.cc(138)] Discarding multiple pages with target (kb): 0
[15880:21304:0519/011145.235:WARNING:page_discarding_helper.cc(138)] Discarding multiple pages with target (kb): 0
[15880:21304:0519/011150.255:WARNING:page_discarding_helper.cc(138)] Discarding multiple pages with target (kb): 0
[15880:21304:0519/011155.295:WARNING:page_discarding_helper.cc(138)] Discarding multiple pages with target (kb): 0
[15880:21304:0519/011200.318:WARNING:page_discarding_helper.cc(138)] Discarding multiple pages with target (kb): 0
[15880:21304:0519/011205.342:WARNING:page_discarding_helper.cc(138)] Discarding multiple pages with target (kb): 0
[15880:21304:0519/011210.342:WARNING:page_discarding_helper.cc(138)] Discarding multiple pages with target (kb): 0
[15880:21304:0519/011215.353:WARNING:page_discarding_helper.cc(138)] Discarding multiple pages with target (kb): 0
[15880:21304:0519/012501.354:WARNING:page_discarding_helper.cc(138)] Discarding multiple pages with target (kb): 0
[15880:21304:0519/012506.385:WARNING:page_discarding_helper.cc(138)] Discarding multiple pages with target (kb): 0
[15880:21304:0519/012511.385:WARNING:page_discarding_helper.cc(138)] Discarding multiple pages with target (kb): 0
[15880:21304:0519/012516.408:WARNING:page_discarding_helper.cc(138)] Discarding multiple pages with target (kb): 0
[15880:21304:0519/012521.691:WARNING:page_discarding_helper.cc(138)] Discarding multiple pages with target (kb): 0
[15880:21304:0519/012526.721:WARNING:page_discarding_helper.cc(138)] Discarding multiple pages with target (kb): 0
[15880:21304:0519/012908.105:WARNING:page_discarding_helper.cc(138)] Discarding multiple pages with target (kb): 0
[15880:21304:0519/012913.106:WARNING:page_discarding_helper.cc(138)] Discarding multiple pages with target (kb): 0
[15880:21304:0519/012918.109:WARNING:page_discarding_helper.cc(138)] Discarding multiple pages with target (kb): 0
[15880:21304:0519/012923.110:WARNING:page_discarding_helper.cc(138)] Discarding multiple pages with target (kb): 0
[15880:21304:0519/012928.111:WARNING:page_discarding_helper.cc(138)] Discarding multiple pages with target (kb): 0
[15880:21304:0519/012933.116:WARNING:page_discarding_helper.cc(138)] Discarding multiple pages with target (kb): 0
[15880:21304:0519/012938.119:WARNING:page_discarding_helper.cc(138)] Discarding multiple pages with target (kb): 0
[15880:21304:0519/012943.120:WARNING:page_discarding_helper.cc(138)] Discarding multiple pages with target (kb): 0
[15880:21304:0519/012948.122:WARNING:page_discarding_helper.cc(138)] Discarding multiple pages with target (kb): 0
[15880:21304:0519/020945.300:WARNING:page_discarding_helper.cc(138)] Discarding multiple pages with target (kb): 0
[15880:21304:0519/020950.479:WARNING:page_discarding_helper.cc(138)] Discarding multiple pages with target (kb): 0
[15880:21304:0519/020955.613:WARNING:page_discarding_helper.cc(138)] Discarding multiple pages with target (kb): 0
[15880:21304:0519/021000.694:WARNING:page_discarding_helper.cc(138)] Discarding multiple pages with target (kb): 0
[15880:21304:0519/021005.767:WARNING:page_discarding_helper.cc(138)] Discarding multiple pages with target (kb): 0
[15880:21304:0519/021010.828:WARNING:page_discarding_helper.cc(138)] Discarding multiple pages with target (kb): 0
[15880:21304:0519/021015.863:WARNING:page_discarding_helper.cc(138)] Discarding multiple pages with target (kb): 0
[15880:21304:0519/021020.881:WARNING:page_discarding_helper.cc(138)] Discarding multiple pages with target (kb): 0
[15880:21304:0519/021025.918:WARNING:page_discarding_helper.cc(138)] Discarding multiple pages with target (kb): 0
[15880:21304:0519/021030.931:WARNING:page_discarding_helper.cc(138)] Discarding multiple pages with target (kb): 0
[15880:21304:0519/021035.984:WARNING:page_discarding_helper.cc(138)] Discarding multiple pages with target (kb): 0
[15880:21304:0519/021040.985:WARNING:page_discarding_helper.cc(138)] Discarding multiple pages with target (kb): 0
[15880:21304:0519/021046.016:WARNING:page_discarding_helper.cc(138)] Discarding multiple pages with target (kb): 0
[15880:21304:0519/021051.076:WARNING:page_discarding_helper.cc(138)] Discarding multiple pages with target (kb): 0
[15880:21304:0519/021056.066:WARNING:page_discarding_helper.cc(138)] Discarding multiple pages with target (kb): 0
[15880:21304:0519/021101.084:WARNING:page_discarding_helper.cc(138)] Discarding multiple pages with target (kb): 0
[15880:21304:0519/021106.106:WARNING:page_discarding_helper.cc(138)] Discarding multiple pages with target (kb): 0
[15880:21304:0519/021111.151:WARNING:page_discarding_helper.cc(138)] Discarding multiple pages with target (kb): 0
[15880:21304:0519/021116.164:WARNING:page_discarding_helper.cc(138)] Discarding multiple pages with target (kb): 0
[15880:21304:0519/021121.276:WARNING:page_discarding_helper.cc(138)] Discarding multiple pages with target (kb): 0
[15880:21304:0519/021126.425:WARNING:page_discarding_helper.cc(138)] Discarding multiple pages with target (kb): 0
[15880:21304:0519/021131.430:WARNING:page_discarding_helper.cc(138)] Discarding multiple pages with target (kb): 0
[15880:21304:0519/021136.456:WARNING:page_discarding_helper.cc(138)] Discarding multiple pages with target (kb): 0
[15880:21304:0519/021141.456:WARNING:page_discarding_helper.cc(138)] Discarding multiple pages with target (kb): 0
[15880:21304:0519/021146.462:WARNING:page_discarding_helper.cc(138)] Discarding multiple pages with target (kb): 0
[15880:21304:0519/021151.671:WARNING:page_discarding_helper.cc(138)] Discarding multiple pages with target (kb): 0
[15880:21304:0519/021156.903:WARNING:page_discarding_helper.cc(138)] Discarding multiple pages with target (kb): 0
[15880:21304:0519/021201.904:WARNING:page_discarding_helper.cc(138)] Discarding multiple pages with target (kb): 0
[15880:21304:0519/021206.954:WARNING:page_discarding_helper.cc(138)] Discarding multiple pages with target (kb): 0
[15880:21304:0519/021211.994:WARNING:page_discarding_helper.cc(138)] Discarding multiple pages with target (kb): 0
[15880:21304:0519/021217.181:WARNING:page_discarding_helper.cc(138)] Discarding multiple pages with target (kb): 0
[15880:21304:0519/021222.224:WARNING:page_discarding_helper.cc(138)] Discarding multiple pages with target (kb): 0
[15880:21304:0519/021227.286:WARNING:page_discarding_helper.cc(138)] Discarding multiple pages with target (kb): 0
[15880:21304:0519/021232.286:WARNING:page_discarding_helper.cc(138)] Discarding multiple pages with target (kb): 0
[15880:21304:0519/021237.307:WARNING:page_discarding_helper.cc(138)] Discarding multiple pages with target (kb): 0
[15880:21304:0519/021242.327:WARNING:page_discarding_helper.cc(138)] Discarding multiple pages with target (kb): 0
[15880:21304:0519/021247.326:WARNING:page_discarding_helper.cc(138)] Discarding multiple pages with target (kb): 0
[15880:21304:0519/021252.327:WARNING:page_discarding_helper.cc(138)] Discarding multiple pages with target (kb): 0
[15880:21304:0519/021257.370:WARNING:page_discarding_helper.cc(138)] Discarding multiple pages with target (kb): 0
[15880:21304:0519/021302.399:WARNING:page_discarding_helper.cc(138)] Discarding multiple pages with target (kb): 0
[15880:21304:0519/021307.426:WARNING:page_discarding_helper.cc(138)] Discarding multiple pages with target (kb): 0
[15880:21304:0519/021312.427:WARNING:page_discarding_helper.cc(138)] Discarding multiple pages with target (kb): 0
[15880:21304:0519/021317.683:WARNING:page_discarding_helper.cc(138)] Discarding multiple pages with target (kb): 0
[15880:21304:0519/021322.684:WARNING:page_discarding_helper.cc(138)] Discarding multiple pages with target (kb): 0
[15880:21304:0519/021327.684:WARNING:page_discarding_helper.cc(138)] Discarding multiple pages with target (kb): 0
[15880:21304:0519/021332.690:WARNING:page_discarding_helper.cc(138)] Discarding multiple pages with target (kb): 0
[15880:21304:0519/021337.720:WARNING:page_discarding_helper.cc(138)] Discarding multiple pages with target (kb): 0
[15880:21304:0519/022457.162:WARNING:page_discarding_helper.cc(138)] Discarding multiple pages with target (kb): 0
[15880:21304:0519/022502.170:WARNING:page_discarding_helper.cc(138)] Discarding multiple pages with target (kb): 0
[15880:21304:0519/022507.224:WARNING:page_discarding_helper.cc(138)] Discarding multiple pages with target (kb): 0
[15880:21304:0519/022512.248:WARNING:page_discarding_helper.cc(138)] Discarding multiple pages with target (kb): 0
[15880:21304:0519/022517.273:WARNING:page_discarding_helper.cc(138)] Discarding multiple pages with target (kb): 0
[15880:21304:0519/022522.306:WARNING:page_discarding_helper.cc(138)] Discarding multiple pages with target (kb): 0
[15880:21304:0519/022527.306:WARNING:page_discarding_helper.cc(138)] Discarding multiple pages with target (kb): 0
[15880:21304:0519/022532.306:WARNING:page_discarding_helper.cc(138)] Discarding multiple pages with target (kb): 0
[15880:21304:0519/022537.307:WARNING:page_discarding_helper.cc(138)] Discarding multiple pages with target (kb): 0
[15880:21304:0519/022542.317:WARNING:page_discarding_helper.cc(138)] Discarding multiple pages with target (kb): 0
[15880:21304:0519/022547.354:WARNING:page_discarding_helper.cc(138)] Discarding multiple pages with target (kb): 0
[15880:21304:0519/022552.403:WARNING:page_discarding_helper.cc(138)] Discarding multiple pages with target (kb): 0
[15880:21304:0519/022557.435:WARNING:page_discarding_helper.cc(138)] Discarding multiple pages with target (kb): 0
[15880:21304:0519/033948.744:WARNING:pref_notifier_impl.cc(41)] Pref observer for media_router.cast_allow_all_ips found at shutdown.
