[20168:20160:0518/024342.723:WARNING:chrome_main_delegate.cc(745)] This is Chrome version 128.0.6613.138 (not a warning)
[20168:20160:0518/024342.807:WARNING:account_consistency_mode_manager.cc(77)] Desktop Identity Consistency cannot be enabled as no OAuth client ID and client secret have been configured.
[20168:4736:0518/024347.014:WARNING:leveldb_database.cc(141)] Unable to open S:\UNREAL ENGINE\UE BACKUP\BIBOP_2-6_UE\Saved\webcache_6613\Default\shared_proto_db\metadata: IO error: S:\UNREAL ENGINE\UE BACKUP\BIBOP_2-6_UE\Saved\webcache_6613\Default\shared_proto_db\metadata/MANIFEST-000001: Unable to create sequential file (ChromeMethodBFE: 7::NewSequentialFile::1)
[20168:4736:0518/024347.022:WARNING:leveldb_database.cc(141)] Unable to open S:\UNREAL ENGINE\UE BACKUP\BIBOP_2-6_UE\Saved\webcache_6613\Default\shared_proto_db\metadata: IO error: S:\UNREAL ENGINE\UE BACKUP\BIBOP_2-6_UE\Saved\webcache_6613\Default\shared_proto_db\metadata/MANIFEST-000001: Unable to create sequential file (ChromeMethodBFE: 7::NewSequentialFile::1)
[20168:4736:0518/024347.029:WARNING:leveldb_database.cc(141)] Unable to open S:\UNREAL ENGINE\UE BACKUP\BIBOP_2-6_UE\Saved\webcache_6613\Default\shared_proto_db\metadata: IO error: S:\UNREAL ENGINE\UE BACKUP\BIBOP_2-6_UE\Saved\webcache_6613\Default\shared_proto_db\metadata/MANIFEST-000001: Unable to create sequential file (ChromeMethodBFE: 7::NewSequentialFile::1)
[20168:4736:0518/024347.036:WARNING:leveldb_database.cc(141)] Unable to open S:\UNREAL ENGINE\UE BACKUP\BIBOP_2-6_UE\Saved\webcache_6613\Default\shared_proto_db\metadata: IO error: S:\UNREAL ENGINE\UE BACKUP\BIBOP_2-6_UE\Saved\webcache_6613\Default\shared_proto_db\metadata/MANIFEST-000001: Unable to create sequential file (ChromeMethodBFE: 7::NewSequentialFile::1)
[20168:4504:0518/024353.684:WARNING:value_store_frontend.cc(47)] Reading ahfgeienlihckogmohjhadlkjgocpleb.alarms from  failed: IO error: .../MANIFEST-000001: Unable to create sequential file (ChromeMethodBFE: 7::NewSequentialFile::1)
[20168:4504:0518/024353.694:WARNING:value_store_frontend.cc(47)] Reading mhjfbmdgcfjbbpaeojofohoefgiehjai.alarms from  failed: IO error: .../MANIFEST-000001: Unable to create sequential file (ChromeMethodBFE: 7::NewSequentialFile::1)
[20168:14152:0518/024353.758:WARNING:leveldb_database.cc(141)] Unable to open S:\UNREAL ENGINE\UE BACKUP\BIBOP_2-6_UE\Saved\webcache_6613\Default\GCM Store\Encryption: IO error: S:\UNREAL ENGINE\UE BACKUP\BIBOP_2-6_UE\Saved\webcache_6613\Default\GCM Store\Encryption/MANIFEST-000001: Unable to create sequential file (ChromeMethodBFE: 7::NewSequentialFile::1)
[1508:10404:0518/024354.350:WARNING:frame_impl.cc(430)] virtual CefFrameImpl::SendProcessMessage sent to detached frame 5-71B007F465527FD25CB1281D90DB74F9 will be ignored
[20168:20160:0518/034449.607:ERROR:device_event_log_impl.cc(196)] [03:44:49.413] USB: usb_service_win.cc:105 SetupDiGetDeviceProperty({{A45C254E-DF1C-4EFD-8020-67D146A850E0}, 6}) failed: Элемент не найден. (0x490)
[20168:20160:0518/034459.937:ERROR:device_event_log_impl.cc(196)] [03:44:59.806] USB: usb_service_win.cc:105 SetupDiGetDeviceProperty({{A45C254E-DF1C-4EFD-8020-67D146A850E0}, 6}) failed: Элемент не найден. (0x490)
[20168:20160:0518/034459.937:ERROR:device_event_log_impl.cc(196)] [03:44:59.842] USB: usb_service_win.cc:308 SetupDiEnumDeviceInterfaces: Дополнительные данные отсутствуют. (0x103)
[20168:20160:0518/034459.937:ERROR:device_event_log_impl.cc(196)] [03:44:59.875] USB: usb_service_win.cc:105 SetupDiGetDeviceProperty({{A45C254E-DF1C-4EFD-8020-67D146A850E0}, 6}) failed: Элемент не найден. (0x490)
[20168:20160:0518/034459.937:ERROR:device_event_log_impl.cc(196)] [03:44:59.880] USB: usb_service_win.cc:308 SetupDiEnumDeviceInterfaces: Дополнительные данные отсутствуют. (0x103)
[20168:20160:0518/034504.604:ERROR:device_event_log_impl.cc(196)] [03:45:04.430] USB: usb_service_win.cc:105 SetupDiGetDeviceProperty({{A45C254E-DF1C-4EFD-8020-67D146A850E0}, 6}) failed: Элемент не найден. (0x490)
[20168:20160:0518/034504.604:ERROR:device_event_log_impl.cc(196)] [03:45:04.460] USB: usb_service_win.cc:308 SetupDiEnumDeviceInterfaces: Дополнительные данные отсутствуют. (0x103)
[20168:20160:0518/034504.604:ERROR:device_event_log_impl.cc(196)] [03:45:04.500] USB: usb_service_win.cc:105 SetupDiGetDeviceProperty({{A45C254E-DF1C-4EFD-8020-67D146A850E0}, 6}) failed: Элемент не найден. (0x490)
[20168:20160:0518/034504.604:ERROR:device_event_log_impl.cc(196)] [03:45:04.502] USB: usb_service_win.cc:308 SetupDiEnumDeviceInterfaces: Дополнительные данные отсутствуют. (0x103)
[20168:20160:0518/034504.604:ERROR:usb_descriptors.cc(166)] Device descriptor parsing error.
[20168:20160:0518/034504.604:ERROR:device_event_log_impl.cc(196)] [03:45:04.604] USB: usb_device_win.cc:95 Failed to read descriptors from \\?\usb#vid_1532&pid_0083#6&268bff9b&0&14#{a5dcbf10-6530-11d2-901f-00c04fb951ed}.
[20168:20160:0518/034505.938:ERROR:device_event_log_impl.cc(196)] [03:45:05.680] USB: usb_service_win.cc:105 SetupDiGetDeviceProperty({{A45C254E-DF1C-4EFD-8020-67D146A850E0}, 6}) failed: Элемент не найден. (0x490)
[20168:20160:0518/034505.938:ERROR:device_event_log_impl.cc(196)] [03:45:05.711] USB: usb_service_win.cc:308 SetupDiEnumDeviceInterfaces: Дополнительные данные отсутствуют. (0x103)
[20168:20160:0518/034505.938:ERROR:device_event_log_impl.cc(196)] [03:45:05.746] USB: usb_service_win.cc:105 SetupDiGetDeviceProperty({{A45C254E-DF1C-4EFD-8020-67D146A850E0}, 6}) failed: Элемент не найден. (0x490)
[20168:20160:0518/034505.938:ERROR:device_event_log_impl.cc(196)] [03:45:05.752] USB: usb_service_win.cc:308 SetupDiEnumDeviceInterfaces: Дополнительные данные отсутствуют. (0x103)
[20168:20160:0518/034510.273:ERROR:device_event_log_impl.cc(196)] [03:45:10.097] USB: usb_service_win.cc:105 SetupDiGetDeviceProperty({{A45C254E-DF1C-4EFD-8020-67D146A850E0}, 6}) failed: Элемент не найден. (0x490)
[20168:20160:0518/034519.607:ERROR:device_event_log_impl.cc(196)] [03:45:19.290] USB: usb_service_win.cc:308 SetupDiEnumDeviceInterfaces: Дополнительные данные отсутствуют. (0x103)
[20168:20160:0518/034519.607:ERROR:device_event_log_impl.cc(196)] [03:45:19.325] USB: usb_service_win.cc:105 SetupDiGetDeviceProperty({{A45C254E-DF1C-4EFD-8020-67D146A850E0}, 6}) failed: Элемент не найден. (0x490)
[20168:20160:0518/034519.607:ERROR:device_event_log_impl.cc(196)] [03:45:19.331] USB: usb_service_win.cc:308 SetupDiEnumDeviceInterfaces: Дополнительные данные отсутствуют. (0x103)
[20168:20160:0518/034521.940:ERROR:device_event_log_impl.cc(196)] [03:45:21.736] USB: usb_service_win.cc:105 SetupDiGetDeviceProperty({{A45C254E-DF1C-4EFD-8020-67D146A850E0}, 6}) failed: Элемент не найден. (0x490)
[20168:20160:0518/034521.941:ERROR:device_event_log_impl.cc(196)] [03:45:21.769] USB: usb_service_win.cc:308 SetupDiEnumDeviceInterfaces: Дополнительные данные отсутствуют. (0x103)
[20168:20160:0518/034521.941:ERROR:device_event_log_impl.cc(196)] [03:45:21.806] USB: usb_service_win.cc:105 SetupDiGetDeviceProperty({{A45C254E-DF1C-4EFD-8020-67D146A850E0}, 6}) failed: Элемент не найден. (0x490)
[20168:20160:0518/034521.941:ERROR:device_event_log_impl.cc(196)] [03:45:21.811] USB: usb_service_win.cc:308 SetupDiEnumDeviceInterfaces: Дополнительные данные отсутствуют. (0x103)
[20168:20160:0518/041157.414:WARNING:page_discarding_helper.cc(138)] Discarding multiple pages with target (kb): 0
[20168:20160:0518/041202.414:WARNING:page_discarding_helper.cc(138)] Discarding multiple pages with target (kb): 0
[20168:20160:0518/041207.414:WARNING:page_discarding_helper.cc(138)] Discarding multiple pages with target (kb): 0
[20168:20160:0518/041212.418:WARNING:page_discarding_helper.cc(138)] Discarding multiple pages with target (kb): 0
[20168:20160:0518/041217.419:WARNING:page_discarding_helper.cc(138)] Discarding multiple pages with target (kb): 0
[20168:20160:0518/041222.424:WARNING:page_discarding_helper.cc(138)] Discarding multiple pages with target (kb): 0
[20168:9668:0518/041225.125:WARNING:dns_config_service_win.cc(605)] Failed to read DnsConfig.
[13040:10812:0518/041225.847:WARNING:dns_config_service_win.cc(605)] Failed to read DnsConfig.
[20168:20160:0518/041227.424:WARNING:page_discarding_helper.cc(138)] Discarding multiple pages with target (kb): 0
[20168:20160:0518/041237.424:WARNING:page_discarding_helper.cc(138)] Discarding multiple pages with target (kb): 0
[13040:8796:0518/041239.181:WARNING:dns_config_service_win.cc(605)] Failed to read DnsConfig.
[20168:13676:0518/041239.195:WARNING:dns_config_service_win.cc(605)] Failed to read DnsConfig.
[20168:20160:0518/041242.424:WARNING:page_discarding_helper.cc(138)] Discarding multiple pages with target (kb): 0
[13040:8796:0518/041246.133:WARNING:dns_config_service_win.cc(605)] Failed to read DnsConfig.
[20168:13676:0518/041246.159:WARNING:dns_config_service_win.cc(605)] Failed to read DnsConfig.
[20168:20160:0518/041247.425:WARNING:page_discarding_helper.cc(138)] Discarding multiple pages with target (kb): 0
[20168:20160:0518/041252.435:WARNING:page_discarding_helper.cc(138)] Discarding multiple pages with target (kb): 0
[20168:20160:0518/041257.436:WARNING:page_discarding_helper.cc(138)] Discarding multiple pages with target (kb): 0
[20168:20160:0518/041302.438:WARNING:page_discarding_helper.cc(138)] Discarding multiple pages with target (kb): 0
[20168:20160:0518/041307.454:WARNING:page_discarding_helper.cc(138)] Discarding multiple pages with target (kb): 0
[20168:20160:0518/041312.455:WARNING:page_discarding_helper.cc(138)] Discarding multiple pages with target (kb): 0
[20168:20160:0518/041317.607:WARNING:page_discarding_helper.cc(138)] Discarding multiple pages with target (kb): 0
[13040:10812:0518/041321.134:WARNING:dns_config_service_win.cc(605)] Failed to read DnsConfig.
[20168:13676:0518/041321.162:WARNING:dns_config_service_win.cc(605)] Failed to read DnsConfig.
[20168:20160:0518/041322.611:WARNING:page_discarding_helper.cc(138)] Discarding multiple pages with target (kb): 0
[20168:20160:0518/041327.611:WARNING:page_discarding_helper.cc(138)] Discarding multiple pages with target (kb): 0
[20168:13676:0518/041334.156:WARNING:dns_config_service_win.cc(605)] Failed to read DnsConfig.
[13040:10812:0518/041334.181:WARNING:dns_config_service_win.cc(605)] Failed to read DnsConfig.
[20168:13676:0518/041341.179:WARNING:dns_config_service_win.cc(605)] Failed to read DnsConfig.
[13040:8796:0518/041341.189:WARNING:dns_config_service_win.cc(605)] Failed to read DnsConfig.
[13040:10812:0518/041355.138:WARNING:dns_config_service_win.cc(605)] Failed to read DnsConfig.
[20168:13676:0518/041355.158:WARNING:dns_config_service_win.cc(605)] Failed to read DnsConfig.
[13040:8796:0518/041402.140:WARNING:dns_config_service_win.cc(605)] Failed to read DnsConfig.
[20168:13676:0518/041402.171:WARNING:dns_config_service_win.cc(605)] Failed to read DnsConfig.
[20168:20160:0518/044722.992:WARNING:pref_notifier_impl.cc(41)] Pref observer for media_router.cast_allow_all_ips found at shutdown.
