[30976:35616:0517/205747.576:WARNING:chrome_main_delegate.cc(745)] This is Chrome version 128.0.6613.138 (not a warning)
[30976:35616:0517/205747.705:WARNING:account_consistency_mode_manager.cc(77)] Desktop Identity Consistency cannot be enabled as no OAuth client ID and client secret have been configured.
[30976:36532:0517/205752.416:WARNING:leveldb_database.cc(141)] Unable to open S:\UNREAL ENGINE\UE BACKUP\BIBOP_2-6_UE\Saved\webcache_6613\Default\shared_proto_db\metadata: IO error: S:\UNREAL ENGINE\UE BACKUP\BIBOP_2-6_UE\Saved\webcache_6613\Default\shared_proto_db\metadata/MANIFEST-000001: Unable to create sequential file (ChromeMethodBFE: 7::NewSequentialFile::1)
[30976:36532:0517/205752.448:WARNING:leveldb_database.cc(141)] Unable to open S:\UNREAL ENGINE\UE BACKUP\BIBOP_2-6_UE\Saved\webcache_6613\Default\shared_proto_db\metadata: IO error: S:\UNREAL ENGINE\UE BACKUP\BIBOP_2-6_UE\Saved\webcache_6613\Default\shared_proto_db\metadata/MANIFEST-000001: Unable to create sequential file (ChromeMethodBFE: 7::NewSequentialFile::1)
[30976:36532:0517/205752.456:WARNING:leveldb_database.cc(141)] Unable to open S:\UNREAL ENGINE\UE BACKUP\BIBOP_2-6_UE\Saved\webcache_6613\Default\shared_proto_db\metadata: IO error: S:\UNREAL ENGINE\UE BACKUP\BIBOP_2-6_UE\Saved\webcache_6613\Default\shared_proto_db\metadata/MANIFEST-000001: Unable to create sequential file (ChromeMethodBFE: 7::NewSequentialFile::1)
[30976:36532:0517/205752.464:WARNING:leveldb_database.cc(141)] Unable to open S:\UNREAL ENGINE\UE BACKUP\BIBOP_2-6_UE\Saved\webcache_6613\Default\shared_proto_db\metadata: IO error: S:\UNREAL ENGINE\UE BACKUP\BIBOP_2-6_UE\Saved\webcache_6613\Default\shared_proto_db\metadata/MANIFEST-000001: Unable to create sequential file (ChromeMethodBFE: 7::NewSequentialFile::1)
[30976:36532:0517/205759.123:WARNING:value_store_frontend.cc(47)] Reading ahfgeienlihckogmohjhadlkjgocpleb.alarms from  failed: IO error: .../MANIFEST-000001: Unable to create sequential file (ChromeMethodBFE: 7::NewSequentialFile::1)
[30976:36532:0517/205759.147:WARNING:value_store_frontend.cc(47)] Reading mhjfbmdgcfjbbpaeojofohoefgiehjai.alarms from  failed: IO error: .../MANIFEST-000001: Unable to create sequential file (ChromeMethodBFE: 7::NewSequentialFile::1)
[30976:32876:0517/205759.281:WARNING:leveldb_database.cc(141)] Unable to open S:\UNREAL ENGINE\UE BACKUP\BIBOP_2-6_UE\Saved\webcache_6613\Default\GCM Store\Encryption: IO error: S:\UNREAL ENGINE\UE BACKUP\BIBOP_2-6_UE\Saved\webcache_6613\Default\GCM Store\Encryption/MANIFEST-000001: Unable to create sequential file (ChromeMethodBFE: 7::NewSequentialFile::1)
[32700:33392:0517/205759.371:WARNING:frame_impl.cc(430)] virtual CefFrameImpl::SendProcessMessage sent to detached frame 5-75A2C17C74D204E08D0F14DB8D319D76 will be ignored
[30976:12792:0517/205800.421:WARNING:browser_info.cc(345)] Returning a speculative frame for [9,9]
[30976:35616:0517/205803.604:WARNING:browser_info.cc(345)] Returning a speculative frame for [11,9]
[30976:35616:0517/205803.604:WARNING:browser_info.cc(345)] Returning a speculative frame for [11,9]
[30976:35616:0517/205803.604:WARNING:browser_info.cc(345)] Returning a speculative frame for [11,9]
[30976:35616:0517/205803.604:WARNING:browser_info.cc(345)] Returning a speculative frame for [11,9]
[30976:12792:0517/205803.609:WARNING:browser_info.cc(345)] Returning a speculative frame for [11,9]
[35964:33580:0517/205806.919:WARNING:codec.cc(525)] Explicitly added H264 constrained baseline to list of supported formats.
[35964:33580:0517/205807.383:WARNING:codec.cc(525)] Explicitly added H264 constrained baseline to list of supported formats.
[35964:30796:0517/205807.408:WARNING:codec.cc(525)] Explicitly added H264 constrained baseline to list of supported formats.
[35964:30796:0517/205807.408:WARNING:codec.cc(525)] Explicitly added H264 constrained baseline to list of supported formats.
[35964:30796:0517/205807.409:WARNING:codec.cc(525)] Explicitly added H264 constrained baseline to list of supported formats.
[37412:35912:0517/205813.757:ERROR:socket_manager.cc(147)] Failed to resolve address for stun.cloudflare.com., errorcode: -105
[37412:35912:0517/205813.757:ERROR:socket_manager.cc(147)] Failed to resolve address for stun.cloudflare.com., errorcode: -105
[37412:35912:0517/205813.757:ERROR:socket_manager.cc(147)] Failed to resolve address for stun.cloudflare.com., errorcode: -105
[34236:34084:0517/210017.495:ERROR:shared_image_manager.cc(224)] SharedImageManager::ProduceSkia: Trying to Produce a Skia representation from a non-existent mailbox.
[34236:34084:0517/210017.495:ERROR:shared_image_manager.cc(224)] SharedImageManager::ProduceSkia: Trying to Produce a Skia representation from a non-existent mailbox.
[30976:35616:0517/210144.852:WARNING:page_discarding_helper.cc(138)] Discarding multiple pages with target (kb): 0
[30976:35616:0517/210149.691:WARNING:page_discarding_helper.cc(138)] Discarding multiple pages with target (kb): 0
[30976:35616:0517/210154.694:WARNING:page_discarding_helper.cc(138)] Discarding multiple pages with target (kb): 0
[30976:35616:0517/210159.696:WARNING:page_discarding_helper.cc(138)] Discarding multiple pages with target (kb): 0
[30976:35616:0517/210205.232:WARNING:page_discarding_helper.cc(138)] Discarding multiple pages with target (kb): 0
[30976:35616:0517/210210.281:WARNING:page_discarding_helper.cc(138)] Discarding multiple pages with target (kb): 0
[30976:35616:0517/210215.280:WARNING:page_discarding_helper.cc(138)] Discarding multiple pages with target (kb): 0
[30976:35616:0517/210440.487:WARNING:page_discarding_helper.cc(138)] Discarding multiple pages with target (kb): 0
[30976:35616:0517/210445.489:WARNING:page_discarding_helper.cc(138)] Discarding multiple pages with target (kb): 0
[30976:35616:0517/210450.490:WARNING:page_discarding_helper.cc(138)] Discarding multiple pages with target (kb): 0
[30976:35616:0517/210455.491:WARNING:page_discarding_helper.cc(138)] Discarding multiple pages with target (kb): 0
[30976:35616:0517/210500.490:WARNING:page_discarding_helper.cc(138)] Discarding multiple pages with target (kb): 0
[30976:35616:0517/210505.493:WARNING:page_discarding_helper.cc(138)] Discarding multiple pages with target (kb): 0
[30976:35616:0517/210510.494:WARNING:page_discarding_helper.cc(138)] Discarding multiple pages with target (kb): 0
[30976:35616:0517/210515.494:WARNING:page_discarding_helper.cc(138)] Discarding multiple pages with target (kb): 0
[30976:35616:0517/210520.495:WARNING:page_discarding_helper.cc(138)] Discarding multiple pages with target (kb): 0
[30976:35616:0517/210525.496:WARNING:page_discarding_helper.cc(138)] Discarding multiple pages with target (kb): 0
[30976:35616:0517/210530.498:WARNING:page_discarding_helper.cc(138)] Discarding multiple pages with target (kb): 0
[30976:35616:0517/210535.498:WARNING:page_discarding_helper.cc(138)] Discarding multiple pages with target (kb): 0
[30976:35616:0517/210540.500:WARNING:page_discarding_helper.cc(138)] Discarding multiple pages with target (kb): 0
[30976:35616:0517/210545.502:WARNING:page_discarding_helper.cc(138)] Discarding multiple pages with target (kb): 0
[30976:35616:0517/213512.925:WARNING:pref_notifier_impl.cc(41)] Pref observer for media_router.cast_allow_all_ips found at shutdown.
