[30320:38488:0517/223025.526:WARNING:chrome_main_delegate.cc(745)] This is Chrome version 128.0.6613.138 (not a warning)
[30320:38488:0517/223025.610:WARNING:account_consistency_mode_manager.cc(77)] Desktop Identity Consistency cannot be enabled as no OAuth client ID and client secret have been configured.
[30320:36588:0517/223029.786:WARNING:leveldb_database.cc(141)] Unable to open S:\UNREAL ENGINE\UE BACKUP\BIBOP_2-6_UE\Saved\webcache_6613\Default\shared_proto_db\metadata: IO error: S:\UNREAL ENGINE\UE BACKUP\BIBOP_2-6_UE\Saved\webcache_6613\Default\shared_proto_db\metadata/MANIFEST-000001: Unable to create sequential file (ChromeMethodBFE: 7::NewSequentialFile::1)
[30320:36588:0517/223029.795:WARNING:leveldb_database.cc(141)] Unable to open S:\UNREAL ENGINE\UE BACKUP\BIBOP_2-6_UE\Saved\webcache_6613\Default\shared_proto_db\metadata: IO error: S:\UNREAL ENGINE\UE BACKUP\BIBOP_2-6_UE\Saved\webcache_6613\Default\shared_proto_db\metadata/MANIFEST-000001: Unable to create sequential file (ChromeMethodBFE: 7::NewSequentialFile::1)
[30320:36588:0517/223029.802:WARNING:leveldb_database.cc(141)] Unable to open S:\UNREAL ENGINE\UE BACKUP\BIBOP_2-6_UE\Saved\webcache_6613\Default\shared_proto_db\metadata: IO error: S:\UNREAL ENGINE\UE BACKUP\BIBOP_2-6_UE\Saved\webcache_6613\Default\shared_proto_db\metadata/MANIFEST-000001: Unable to create sequential file (ChromeMethodBFE: 7::NewSequentialFile::1)
[30320:36588:0517/223029.809:WARNING:leveldb_database.cc(141)] Unable to open S:\UNREAL ENGINE\UE BACKUP\BIBOP_2-6_UE\Saved\webcache_6613\Default\shared_proto_db\metadata: IO error: S:\UNREAL ENGINE\UE BACKUP\BIBOP_2-6_UE\Saved\webcache_6613\Default\shared_proto_db\metadata/MANIFEST-000001: Unable to create sequential file (ChromeMethodBFE: 7::NewSequentialFile::1)
[30320:36760:0517/223036.229:WARNING:value_store_frontend.cc(47)] Reading ahfgeienlihckogmohjhadlkjgocpleb.alarms from  failed: IO error: .../MANIFEST-000001: Unable to create sequential file (ChromeMethodBFE: 7::NewSequentialFile::1)
[30320:36760:0517/223036.246:WARNING:value_store_frontend.cc(47)] Reading mhjfbmdgcfjbbpaeojofohoefgiehjai.alarms from  failed: IO error: .../MANIFEST-000001: Unable to create sequential file (ChromeMethodBFE: 7::NewSequentialFile::1)
[30320:35176:0517/223036.370:WARNING:leveldb_database.cc(141)] Unable to open S:\UNREAL ENGINE\UE BACKUP\BIBOP_2-6_UE\Saved\webcache_6613\Default\GCM Store\Encryption: IO error: S:\UNREAL ENGINE\UE BACKUP\BIBOP_2-6_UE\Saved\webcache_6613\Default\GCM Store\Encryption/MANIFEST-000001: Unable to create sequential file (ChromeMethodBFE: 7::NewSequentialFile::1)
[30872:36312:0517/223036.604:WARNING:frame_impl.cc(430)] virtual CefFrameImpl::SendProcessMessage sent to detached frame 5-A41043E3F1A23C3975BE259D58EEA16E will be ignored
[30320:38488:0517/223729.100:WARNING:page_discarding_helper.cc(138)] Discarding multiple pages with target (kb): 0
[30320:38488:0517/223734.101:WARNING:page_discarding_helper.cc(138)] Discarding multiple pages with target (kb): 0
[30320:38488:0517/223739.104:WARNING:page_discarding_helper.cc(138)] Discarding multiple pages with target (kb): 0
[30320:38488:0517/223744.137:WARNING:page_discarding_helper.cc(138)] Discarding multiple pages with target (kb): 0
[30320:38488:0517/223749.371:WARNING:page_discarding_helper.cc(138)] Discarding multiple pages with target (kb): 0
[30320:38488:0517/223754.412:WARNING:page_discarding_helper.cc(138)] Discarding multiple pages with target (kb): 0
[30320:38488:0517/223759.450:WARNING:page_discarding_helper.cc(138)] Discarding multiple pages with target (kb): 0
[30320:38488:0517/223804.453:WARNING:page_discarding_helper.cc(138)] Discarding multiple pages with target (kb): 0
[30320:38488:0517/223809.454:WARNING:page_discarding_helper.cc(138)] Discarding multiple pages with target (kb): 0
[30320:38488:0517/223814.454:WARNING:page_discarding_helper.cc(138)] Discarding multiple pages with target (kb): 0
[30320:38488:0517/223819.625:WARNING:page_discarding_helper.cc(138)] Discarding multiple pages with target (kb): 0
[30320:38488:0517/223824.627:WARNING:page_discarding_helper.cc(138)] Discarding multiple pages with target (kb): 0
[30320:38488:0517/223844.630:WARNING:page_discarding_helper.cc(138)] Discarding multiple pages with target (kb): 0
[30320:38488:0517/223849.633:WARNING:page_discarding_helper.cc(138)] Discarding multiple pages with target (kb): 0
[30320:38488:0517/223854.634:WARNING:page_discarding_helper.cc(138)] Discarding multiple pages with target (kb): 0
[30320:38488:0517/223859.635:WARNING:page_discarding_helper.cc(138)] Discarding multiple pages with target (kb): 0
[30320:38488:0517/223904.635:WARNING:page_discarding_helper.cc(138)] Discarding multiple pages with target (kb): 0
[30320:38488:0517/223909.636:WARNING:page_discarding_helper.cc(138)] Discarding multiple pages with target (kb): 0
[30320:38488:0517/223914.637:WARNING:page_discarding_helper.cc(138)] Discarding multiple pages with target (kb): 0
[30320:38488:0517/223919.637:WARNING:page_discarding_helper.cc(138)] Discarding multiple pages with target (kb): 0
[30320:38488:0517/223924.639:WARNING:page_discarding_helper.cc(138)] Discarding multiple pages with target (kb): 0
[30320:38488:0517/223929.880:WARNING:page_discarding_helper.cc(138)] Discarding multiple pages with target (kb): 0
[30320:38488:0517/223934.882:WARNING:page_discarding_helper.cc(138)] Discarding multiple pages with target (kb): 0
[30320:38488:0517/223939.883:WARNING:page_discarding_helper.cc(138)] Discarding multiple pages with target (kb): 0
[30320:38488:0517/223944.885:WARNING:page_discarding_helper.cc(138)] Discarding multiple pages with target (kb): 0
[30320:38488:0517/223949.887:WARNING:page_discarding_helper.cc(138)] Discarding multiple pages with target (kb): 0
[30320:38488:0517/223954.889:WARNING:page_discarding_helper.cc(138)] Discarding multiple pages with target (kb): 0
[30320:38488:0517/223959.890:WARNING:page_discarding_helper.cc(138)] Discarding multiple pages with target (kb): 0
[30320:38488:0517/224004.891:WARNING:page_discarding_helper.cc(138)] Discarding multiple pages with target (kb): 0
[30320:38488:0517/224009.896:WARNING:page_discarding_helper.cc(138)] Discarding multiple pages with target (kb): 0
[30320:38488:0517/224014.896:WARNING:page_discarding_helper.cc(138)] Discarding multiple pages with target (kb): 0
[30320:38488:0517/224019.896:WARNING:page_discarding_helper.cc(138)] Discarding multiple pages with target (kb): 0
[30320:38488:0517/224024.895:WARNING:page_discarding_helper.cc(138)] Discarding multiple pages with target (kb): 0
[30320:38488:0517/224029.896:WARNING:page_discarding_helper.cc(138)] Discarding multiple pages with target (kb): 0
[30320:38488:0517/224034.933:WARNING:page_discarding_helper.cc(138)] Discarding multiple pages with target (kb): 0
[30320:38488:0517/224040.232:WARNING:page_discarding_helper.cc(138)] Discarding multiple pages with target (kb): 0
[30320:38488:0517/224045.233:WARNING:page_discarding_helper.cc(138)] Discarding multiple pages with target (kb): 0
[30320:38488:0517/224050.236:WARNING:page_discarding_helper.cc(138)] Discarding multiple pages with target (kb): 0
[30320:38488:0517/224055.237:WARNING:page_discarding_helper.cc(138)] Discarding multiple pages with target (kb): 0
[30320:38488:0517/224100.239:WARNING:page_discarding_helper.cc(138)] Discarding multiple pages with target (kb): 0
[30320:38488:0517/224105.238:WARNING:page_discarding_helper.cc(138)] Discarding multiple pages with target (kb): 0
[30320:38488:0517/224110.240:WARNING:page_discarding_helper.cc(138)] Discarding multiple pages with target (kb): 0
[30320:38488:0517/224115.240:WARNING:page_discarding_helper.cc(138)] Discarding multiple pages with target (kb): 0
[30320:38488:0517/224120.242:WARNING:page_discarding_helper.cc(138)] Discarding multiple pages with target (kb): 0
[30320:38488:0517/224125.242:WARNING:page_discarding_helper.cc(138)] Discarding multiple pages with target (kb): 0
[30320:38488:0517/224130.244:WARNING:page_discarding_helper.cc(138)] Discarding multiple pages with target (kb): 0
[30320:38488:0517/224135.245:WARNING:page_discarding_helper.cc(138)] Discarding multiple pages with target (kb): 0
[30320:38488:0517/224140.246:WARNING:page_discarding_helper.cc(138)] Discarding multiple pages with target (kb): 0
[30320:38488:0517/224145.248:WARNING:page_discarding_helper.cc(138)] Discarding multiple pages with target (kb): 0
[30320:38488:0517/224250.594:WARNING:page_discarding_helper.cc(138)] Discarding multiple pages with target (kb): 0
[30320:38488:0517/224300.598:WARNING:page_discarding_helper.cc(138)] Discarding multiple pages with target (kb): 0
[30320:38488:0517/224310.600:WARNING:page_discarding_helper.cc(138)] Discarding multiple pages with target (kb): 0
[30320:38488:0517/224315.601:WARNING:page_discarding_helper.cc(138)] Discarding multiple pages with target (kb): 0
[30320:38488:0517/224320.602:WARNING:page_discarding_helper.cc(138)] Discarding multiple pages with target (kb): 0
[30320:38488:0517/224325.602:WARNING:page_discarding_helper.cc(138)] Discarding multiple pages with target (kb): 0
[30320:38488:0517/224330.603:WARNING:page_discarding_helper.cc(138)] Discarding multiple pages with target (kb): 0
[30320:38488:0517/224335.605:WARNING:page_discarding_helper.cc(138)] Discarding multiple pages with target (kb): 0
[30320:38488:0517/224340.606:WARNING:page_discarding_helper.cc(138)] Discarding multiple pages with target (kb): 0
[30320:38488:0517/224345.607:WARNING:page_discarding_helper.cc(138)] Discarding multiple pages with target (kb): 0
[30320:38488:0517/224350.609:WARNING:page_discarding_helper.cc(138)] Discarding multiple pages with target (kb): 0
[30320:38488:0517/224355.610:WARNING:page_discarding_helper.cc(138)] Discarding multiple pages with target (kb): 0
[30320:38488:0517/224400.612:WARNING:page_discarding_helper.cc(138)] Discarding multiple pages with target (kb): 0
[30320:38488:0517/224405.613:WARNING:page_discarding_helper.cc(138)] Discarding multiple pages with target (kb): 0
[30320:38488:0517/224410.614:WARNING:page_discarding_helper.cc(138)] Discarding multiple pages with target (kb): 0
[30320:38488:0517/224415.616:WARNING:page_discarding_helper.cc(138)] Discarding multiple pages with target (kb): 0
[30320:38488:0517/224420.617:WARNING:page_discarding_helper.cc(138)] Discarding multiple pages with target (kb): 0
[30320:38488:0517/224425.619:WARNING:page_discarding_helper.cc(138)] Discarding multiple pages with target (kb): 0
[30320:38488:0517/224430.619:WARNING:page_discarding_helper.cc(138)] Discarding multiple pages with target (kb): 0
[30320:38488:0517/224435.622:WARNING:page_discarding_helper.cc(138)] Discarding multiple pages with target (kb): 0
[30320:38488:0517/224440.622:WARNING:page_discarding_helper.cc(138)] Discarding multiple pages with target (kb): 0
[30320:38488:0517/224445.624:WARNING:page_discarding_helper.cc(138)] Discarding multiple pages with target (kb): 0
[30320:38488:0517/224450.625:WARNING:page_discarding_helper.cc(138)] Discarding multiple pages with target (kb): 0
[30320:38488:0517/224455.625:WARNING:page_discarding_helper.cc(138)] Discarding multiple pages with target (kb): 0
[30320:38488:0517/224500.627:WARNING:page_discarding_helper.cc(138)] Discarding multiple pages with target (kb): 0
[30320:38488:0517/224505.627:WARNING:page_discarding_helper.cc(138)] Discarding multiple pages with target (kb): 0
[30320:38488:0517/224510.627:WARNING:page_discarding_helper.cc(138)] Discarding multiple pages with target (kb): 0
[30320:38488:0517/224515.628:WARNING:page_discarding_helper.cc(138)] Discarding multiple pages with target (kb): 0
[30320:38488:0517/224520.629:WARNING:page_discarding_helper.cc(138)] Discarding multiple pages with target (kb): 0
[30320:38488:0517/224525.966:WARNING:page_discarding_helper.cc(138)] Discarding multiple pages with target (kb): 0
[30320:38488:0517/224530.966:WARNING:page_discarding_helper.cc(138)] Discarding multiple pages with target (kb): 0
[30320:38488:0517/224535.970:WARNING:page_discarding_helper.cc(138)] Discarding multiple pages with target (kb): 0
[30320:38488:0517/224540.970:WARNING:page_discarding_helper.cc(138)] Discarding multiple pages with target (kb): 0
[30320:38488:0517/224545.972:WARNING:page_discarding_helper.cc(138)] Discarding multiple pages with target (kb): 0
[30320:38488:0517/224550.974:WARNING:page_discarding_helper.cc(138)] Discarding multiple pages with target (kb): 0
[30320:38488:0517/224555.976:WARNING:page_discarding_helper.cc(138)] Discarding multiple pages with target (kb): 0
[30320:38488:0517/224600.978:WARNING:page_discarding_helper.cc(138)] Discarding multiple pages with target (kb): 0
[30320:38488:0517/224605.979:WARNING:page_discarding_helper.cc(138)] Discarding multiple pages with target (kb): 0
[30320:38488:0517/224610.979:WARNING:page_discarding_helper.cc(138)] Discarding multiple pages with target (kb): 0
[30320:38488:0517/224615.980:WARNING:page_discarding_helper.cc(138)] Discarding multiple pages with target (kb): 0
[30320:38488:0517/224620.981:WARNING:page_discarding_helper.cc(138)] Discarding multiple pages with target (kb): 0
[30320:38488:0517/224625.983:WARNING:page_discarding_helper.cc(138)] Discarding multiple pages with target (kb): 0
[30320:38488:0517/224630.984:WARNING:page_discarding_helper.cc(138)] Discarding multiple pages with target (kb): 0
[30320:38488:0517/224635.985:WARNING:page_discarding_helper.cc(138)] Discarding multiple pages with target (kb): 0
[30320:38488:0517/224640.986:WARNING:page_discarding_helper.cc(138)] Discarding multiple pages with target (kb): 0
[30320:38488:0517/224645.987:WARNING:page_discarding_helper.cc(138)] Discarding multiple pages with target (kb): 0
[30320:38488:0517/224650.989:WARNING:page_discarding_helper.cc(138)] Discarding multiple pages with target (kb): 0
[30320:38488:0517/224655.992:WARNING:page_discarding_helper.cc(138)] Discarding multiple pages with target (kb): 0
[30320:38488:0517/224700.993:WARNING:page_discarding_helper.cc(138)] Discarding multiple pages with target (kb): 0
[30320:38488:0517/224705.995:WARNING:page_discarding_helper.cc(138)] Discarding multiple pages with target (kb): 0
[30320:38488:0517/224710.995:WARNING:page_discarding_helper.cc(138)] Discarding multiple pages with target (kb): 0
[30320:38488:0517/224715.995:WARNING:page_discarding_helper.cc(138)] Discarding multiple pages with target (kb): 0
[30320:38488:0518/003626.121:WARNING:page_discarding_helper.cc(138)] Discarding multiple pages with target (kb): 0
[30320:38488:0518/003631.118:WARNING:page_discarding_helper.cc(138)] Discarding multiple pages with target (kb): 0
[30320:38488:0518/003636.119:WARNING:page_discarding_helper.cc(138)] Discarding multiple pages with target (kb): 0
[30320:38488:0518/003641.121:WARNING:page_discarding_helper.cc(138)] Discarding multiple pages with target (kb): 0
[30320:38488:0518/003646.120:WARNING:page_discarding_helper.cc(138)] Discarding multiple pages with target (kb): 0
[30320:38488:0518/003651.122:WARNING:page_discarding_helper.cc(138)] Discarding multiple pages with target (kb): 0
[30320:38488:0518/003656.122:WARNING:page_discarding_helper.cc(138)] Discarding multiple pages with target (kb): 0
[30320:38488:0518/003701.123:WARNING:page_discarding_helper.cc(138)] Discarding multiple pages with target (kb): 0
[30320:38488:0518/003706.124:WARNING:page_discarding_helper.cc(138)] Discarding multiple pages with target (kb): 0
[30320:38488:0518/003711.125:WARNING:page_discarding_helper.cc(138)] Discarding multiple pages with target (kb): 0
[30320:38488:0518/003716.125:WARNING:page_discarding_helper.cc(138)] Discarding multiple pages with target (kb): 0
[30320:38488:0518/003731.130:WARNING:page_discarding_helper.cc(138)] Discarding multiple pages with target (kb): 0
[30320:38488:0518/003846.171:WARNING:page_discarding_helper.cc(138)] Discarding multiple pages with target (kb): 0
[30320:38488:0518/003851.174:WARNING:page_discarding_helper.cc(138)] Discarding multiple pages with target (kb): 0
[30320:38488:0518/003856.178:WARNING:page_discarding_helper.cc(138)] Discarding multiple pages with target (kb): 0
[30320:38488:0518/003901.180:WARNING:page_discarding_helper.cc(138)] Discarding multiple pages with target (kb): 0
[30320:38488:0518/003906.182:WARNING:page_discarding_helper.cc(138)] Discarding multiple pages with target (kb): 0
[30320:38488:0518/003911.183:WARNING:page_discarding_helper.cc(138)] Discarding multiple pages with target (kb): 0
[30320:38488:0518/003916.184:WARNING:page_discarding_helper.cc(138)] Discarding multiple pages with target (kb): 0
[30320:38488:0518/003921.189:WARNING:page_discarding_helper.cc(138)] Discarding multiple pages with target (kb): 0
[30320:38488:0518/003926.189:WARNING:page_discarding_helper.cc(138)] Discarding multiple pages with target (kb): 0
[30320:38488:0518/003931.189:WARNING:page_discarding_helper.cc(138)] Discarding multiple pages with target (kb): 0
[30320:38488:0518/003936.189:WARNING:page_discarding_helper.cc(138)] Discarding multiple pages with target (kb): 0
[30320:38488:0518/003941.189:WARNING:page_discarding_helper.cc(138)] Discarding multiple pages with target (kb): 0
[30320:38488:0518/003946.189:WARNING:page_discarding_helper.cc(138)] Discarding multiple pages with target (kb): 0
[30320:38488:0518/003951.190:WARNING:page_discarding_helper.cc(138)] Discarding multiple pages with target (kb): 0
[30320:38488:0518/003956.191:WARNING:page_discarding_helper.cc(138)] Discarding multiple pages with target (kb): 0
[30320:38488:0518/004001.192:WARNING:page_discarding_helper.cc(138)] Discarding multiple pages with target (kb): 0
[30320:38488:0518/004006.192:WARNING:page_discarding_helper.cc(138)] Discarding multiple pages with target (kb): 0
[30320:38488:0518/004011.194:WARNING:page_discarding_helper.cc(138)] Discarding multiple pages with target (kb): 0
[30320:38488:0518/004016.195:WARNING:page_discarding_helper.cc(138)] Discarding multiple pages with target (kb): 0
[30320:38488:0518/004021.196:WARNING:page_discarding_helper.cc(138)] Discarding multiple pages with target (kb): 0
[30320:38488:0518/004026.196:WARNING:page_discarding_helper.cc(138)] Discarding multiple pages with target (kb): 0
[30320:38488:0518/004031.196:WARNING:page_discarding_helper.cc(138)] Discarding multiple pages with target (kb): 0
[30320:38488:0518/004036.197:WARNING:page_discarding_helper.cc(138)] Discarding multiple pages with target (kb): 0
[30320:38488:0518/004041.205:WARNING:page_discarding_helper.cc(138)] Discarding multiple pages with target (kb): 0
[30320:38488:0518/004046.205:WARNING:page_discarding_helper.cc(138)] Discarding multiple pages with target (kb): 0
[30320:38488:0518/004051.206:WARNING:page_discarding_helper.cc(138)] Discarding multiple pages with target (kb): 0
[30320:38488:0518/004056.205:WARNING:page_discarding_helper.cc(138)] Discarding multiple pages with target (kb): 0
[30320:38488:0518/004101.206:WARNING:page_discarding_helper.cc(138)] Discarding multiple pages with target (kb): 0
[30320:38488:0518/004106.206:WARNING:page_discarding_helper.cc(138)] Discarding multiple pages with target (kb): 0
[30320:38488:0518/004111.206:WARNING:page_discarding_helper.cc(138)] Discarding multiple pages with target (kb): 0
[30320:38488:0518/004116.205:WARNING:page_discarding_helper.cc(138)] Discarding multiple pages with target (kb): 0
[30320:38488:0518/004121.207:WARNING:page_discarding_helper.cc(138)] Discarding multiple pages with target (kb): 0
[30320:38488:0518/004126.208:WARNING:page_discarding_helper.cc(138)] Discarding multiple pages with target (kb): 0
[30320:38488:0518/004131.208:WARNING:page_discarding_helper.cc(138)] Discarding multiple pages with target (kb): 0
[30320:38488:0518/004136.210:WARNING:page_discarding_helper.cc(138)] Discarding multiple pages with target (kb): 0
[30320:38488:0518/004141.211:WARNING:page_discarding_helper.cc(138)] Discarding multiple pages with target (kb): 0
[30320:38488:0518/004146.212:WARNING:page_discarding_helper.cc(138)] Discarding multiple pages with target (kb): 0
[30320:38488:0518/004151.212:WARNING:page_discarding_helper.cc(138)] Discarding multiple pages with target (kb): 0
[30320:38488:0518/004156.212:WARNING:page_discarding_helper.cc(138)] Discarding multiple pages with target (kb): 0
[30320:38488:0518/004201.212:WARNING:page_discarding_helper.cc(138)] Discarding multiple pages with target (kb): 0
[30320:38488:0518/004206.214:WARNING:page_discarding_helper.cc(138)] Discarding multiple pages with target (kb): 0
[30320:38488:0518/004211.214:WARNING:page_discarding_helper.cc(138)] Discarding multiple pages with target (kb): 0
[30320:38488:0518/004216.215:WARNING:page_discarding_helper.cc(138)] Discarding multiple pages with target (kb): 0
[30320:38488:0518/004221.218:WARNING:page_discarding_helper.cc(138)] Discarding multiple pages with target (kb): 0
[30320:38488:0518/004226.219:WARNING:page_discarding_helper.cc(138)] Discarding multiple pages with target (kb): 0
[30320:38488:0518/004231.220:WARNING:page_discarding_helper.cc(138)] Discarding multiple pages with target (kb): 0
[30320:38488:0518/004236.220:WARNING:page_discarding_helper.cc(138)] Discarding multiple pages with target (kb): 0
[30320:38488:0518/004241.221:WARNING:page_discarding_helper.cc(138)] Discarding multiple pages with target (kb): 0
[30320:38488:0518/004246.222:WARNING:page_discarding_helper.cc(138)] Discarding multiple pages with target (kb): 0
[30320:38488:0518/004251.222:WARNING:page_discarding_helper.cc(138)] Discarding multiple pages with target (kb): 0
[30320:38488:0518/004256.222:WARNING:page_discarding_helper.cc(138)] Discarding multiple pages with target (kb): 0
[30320:38488:0518/004301.224:WARNING:page_discarding_helper.cc(138)] Discarding multiple pages with target (kb): 0
[30320:38488:0518/004306.225:WARNING:page_discarding_helper.cc(138)] Discarding multiple pages with target (kb): 0
[30320:38488:0518/004311.226:WARNING:page_discarding_helper.cc(138)] Discarding multiple pages with target (kb): 0
[30320:38488:0518/004316.227:WARNING:page_discarding_helper.cc(138)] Discarding multiple pages with target (kb): 0
[30320:38488:0518/004321.227:WARNING:page_discarding_helper.cc(138)] Discarding multiple pages with target (kb): 0
[30320:38488:0518/004326.230:WARNING:page_discarding_helper.cc(138)] Discarding multiple pages with target (kb): 0
[30320:38488:0518/004331.231:WARNING:page_discarding_helper.cc(138)] Discarding multiple pages with target (kb): 0
[30320:38488:0518/004336.231:WARNING:page_discarding_helper.cc(138)] Discarding multiple pages with target (kb): 0
[30320:38488:0518/004341.234:WARNING:page_discarding_helper.cc(138)] Discarding multiple pages with target (kb): 0
[30320:38488:0518/004346.234:WARNING:page_discarding_helper.cc(138)] Discarding multiple pages with target (kb): 0
[30320:38488:0518/004351.236:WARNING:page_discarding_helper.cc(138)] Discarding multiple pages with target (kb): 0
[30320:38488:0518/004356.239:WARNING:page_discarding_helper.cc(138)] Discarding multiple pages with target (kb): 0
[30320:38488:0518/004401.239:WARNING:page_discarding_helper.cc(138)] Discarding multiple pages with target (kb): 0
[30320:38488:0518/004406.240:WARNING:page_discarding_helper.cc(138)] Discarding multiple pages with target (kb): 0
[30320:38488:0518/004411.242:WARNING:page_discarding_helper.cc(138)] Discarding multiple pages with target (kb): 0
[30320:38488:0518/004416.246:WARNING:page_discarding_helper.cc(138)] Discarding multiple pages with target (kb): 0
[30320:38488:0518/004421.245:WARNING:page_discarding_helper.cc(138)] Discarding multiple pages with target (kb): 0
[30320:38488:0518/004426.247:WARNING:page_discarding_helper.cc(138)] Discarding multiple pages with target (kb): 0
[30320:38488:0518/004431.249:WARNING:page_discarding_helper.cc(138)] Discarding multiple pages with target (kb): 0
[30320:38488:0518/004436.252:WARNING:page_discarding_helper.cc(138)] Discarding multiple pages with target (kb): 0
[30320:38488:0518/004441.252:WARNING:page_discarding_helper.cc(138)] Discarding multiple pages with target (kb): 0
[30320:38488:0518/004446.253:WARNING:page_discarding_helper.cc(138)] Discarding multiple pages with target (kb): 0
[30320:38488:0518/004451.254:WARNING:page_discarding_helper.cc(138)] Discarding multiple pages with target (kb): 0
[30320:38488:0518/004456.255:WARNING:page_discarding_helper.cc(138)] Discarding multiple pages with target (kb): 0
[30320:38488:0518/004501.257:WARNING:page_discarding_helper.cc(138)] Discarding multiple pages with target (kb): 0
[30320:38488:0518/004506.257:WARNING:page_discarding_helper.cc(138)] Discarding multiple pages with target (kb): 0
[30320:38488:0518/004511.258:WARNING:page_discarding_helper.cc(138)] Discarding multiple pages with target (kb): 0
[30320:38488:0518/004516.260:WARNING:page_discarding_helper.cc(138)] Discarding multiple pages with target (kb): 0
[30320:38488:0518/004521.264:WARNING:page_discarding_helper.cc(138)] Discarding multiple pages with target (kb): 0
[30320:38488:0518/004526.264:WARNING:page_discarding_helper.cc(138)] Discarding multiple pages with target (kb): 0
[30320:38488:0518/004531.263:WARNING:page_discarding_helper.cc(138)] Discarding multiple pages with target (kb): 0
[30320:38488:0518/004536.265:WARNING:page_discarding_helper.cc(138)] Discarding multiple pages with target (kb): 0
[30320:38488:0518/004541.268:WARNING:page_discarding_helper.cc(138)] Discarding multiple pages with target (kb): 0
[30320:38488:0518/004546.268:WARNING:page_discarding_helper.cc(138)] Discarding multiple pages with target (kb): 0
[30320:38488:0518/004551.271:WARNING:page_discarding_helper.cc(138)] Discarding multiple pages with target (kb): 0
[30320:38488:0518/004556.271:WARNING:page_discarding_helper.cc(138)] Discarding multiple pages with target (kb): 0
[30320:38488:0518/004601.272:WARNING:page_discarding_helper.cc(138)] Discarding multiple pages with target (kb): 0
[30320:38488:0518/011112.048:ERROR:device_event_log_impl.cc(196)] [01:11:11.390] USB: usb_service_win.cc:105 SetupDiGetDeviceProperty({{A45C254E-DF1C-4EFD-8020-67D146A850E0}, 6}) failed: Элемент не найден. (0x490)
[30320:38488:0518/020248.251:WARNING:page_discarding_helper.cc(138)] Discarding multiple pages with target (kb): 0
[30320:38488:0518/020253.253:WARNING:page_discarding_helper.cc(138)] Discarding multiple pages with target (kb): 0
[30320:38488:0518/020258.257:WARNING:page_discarding_helper.cc(138)] Discarding multiple pages with target (kb): 0
[30320:38488:0518/020303.259:WARNING:page_discarding_helper.cc(138)] Discarding multiple pages with target (kb): 0
[30320:38488:0518/020308.262:WARNING:page_discarding_helper.cc(138)] Discarding multiple pages with target (kb): 0
[30320:38488:0518/020313.265:WARNING:page_discarding_helper.cc(138)] Discarding multiple pages with target (kb): 0
[30320:38488:0518/020318.268:WARNING:page_discarding_helper.cc(138)] Discarding multiple pages with target (kb): 0
[30320:38488:0518/020323.272:WARNING:page_discarding_helper.cc(138)] Discarding multiple pages with target (kb): 0
[30320:38488:0518/020328.275:WARNING:page_discarding_helper.cc(138)] Discarding multiple pages with target (kb): 0
[30320:38488:0518/020333.277:WARNING:page_discarding_helper.cc(138)] Discarding multiple pages with target (kb): 0
[30320:38488:0518/020338.279:WARNING:page_discarding_helper.cc(138)] Discarding multiple pages with target (kb): 0
[30320:38488:0518/020343.283:WARNING:page_discarding_helper.cc(138)] Discarding multiple pages with target (kb): 0
[30320:38488:0518/020348.283:WARNING:page_discarding_helper.cc(138)] Discarding multiple pages with target (kb): 0
[30320:38488:0518/020353.283:WARNING:page_discarding_helper.cc(138)] Discarding multiple pages with target (kb): 0
[30320:38488:0518/020358.283:WARNING:page_discarding_helper.cc(138)] Discarding multiple pages with target (kb): 0
[30320:38488:0518/020403.284:WARNING:page_discarding_helper.cc(138)] Discarding multiple pages with target (kb): 0
[30320:38488:0518/020408.285:WARNING:page_discarding_helper.cc(138)] Discarding multiple pages with target (kb): 0
[30320:38488:0518/020413.287:WARNING:page_discarding_helper.cc(138)] Discarding multiple pages with target (kb): 0
[30320:38488:0518/020418.289:WARNING:page_discarding_helper.cc(138)] Discarding multiple pages with target (kb): 0
[30320:38488:0518/020423.288:WARNING:page_discarding_helper.cc(138)] Discarding multiple pages with target (kb): 0
[30320:38488:0518/020428.288:WARNING:page_discarding_helper.cc(138)] Discarding multiple pages with target (kb): 0
[30320:38488:0518/020433.290:WARNING:page_discarding_helper.cc(138)] Discarding multiple pages with target (kb): 0
[30320:38488:0518/020438.290:WARNING:page_discarding_helper.cc(138)] Discarding multiple pages with target (kb): 0
[30320:38488:0518/020443.291:WARNING:page_discarding_helper.cc(138)] Discarding multiple pages with target (kb): 0
[30320:38488:0518/020448.292:WARNING:page_discarding_helper.cc(138)] Discarding multiple pages with target (kb): 0
[30320:38488:0518/020453.293:WARNING:page_discarding_helper.cc(138)] Discarding multiple pages with target (kb): 0
[30320:38488:0518/020458.293:WARNING:page_discarding_helper.cc(138)] Discarding multiple pages with target (kb): 0
[30320:38488:0518/020503.293:WARNING:page_discarding_helper.cc(138)] Discarding multiple pages with target (kb): 0
[30320:38488:0518/020508.295:WARNING:page_discarding_helper.cc(138)] Discarding multiple pages with target (kb): 0
[30320:38488:0518/020513.298:WARNING:page_discarding_helper.cc(138)] Discarding multiple pages with target (kb): 0
[30320:38488:0518/020518.298:WARNING:page_discarding_helper.cc(138)] Discarding multiple pages with target (kb): 0
[30320:38488:0518/020523.298:WARNING:page_discarding_helper.cc(138)] Discarding multiple pages with target (kb): 0
[30320:38488:0518/020528.298:WARNING:page_discarding_helper.cc(138)] Discarding multiple pages with target (kb): 0
[30320:38488:0518/020533.298:WARNING:page_discarding_helper.cc(138)] Discarding multiple pages with target (kb): 0
[30320:38488:0518/020538.301:WARNING:page_discarding_helper.cc(138)] Discarding multiple pages with target (kb): 0
[30320:38488:0518/020543.302:WARNING:page_discarding_helper.cc(138)] Discarding multiple pages with target (kb): 0
[30320:38488:0518/020548.304:WARNING:page_discarding_helper.cc(138)] Discarding multiple pages with target (kb): 0
[30320:38488:0518/020553.305:WARNING:page_discarding_helper.cc(138)] Discarding multiple pages with target (kb): 0
[30320:38488:0518/020558.306:WARNING:page_discarding_helper.cc(138)] Discarding multiple pages with target (kb): 0
[30320:38488:0518/020603.306:WARNING:page_discarding_helper.cc(138)] Discarding multiple pages with target (kb): 0
[30320:38488:0518/020608.306:WARNING:page_discarding_helper.cc(138)] Discarding multiple pages with target (kb): 0
[30320:38488:0518/020613.307:WARNING:page_discarding_helper.cc(138)] Discarding multiple pages with target (kb): 0
[30320:38488:0518/020618.307:WARNING:page_discarding_helper.cc(138)] Discarding multiple pages with target (kb): 0
[30320:38488:0518/020623.308:WARNING:page_discarding_helper.cc(138)] Discarding multiple pages with target (kb): 0
[30320:38488:0518/020628.310:WARNING:page_discarding_helper.cc(138)] Discarding multiple pages with target (kb): 0
[30320:38488:0518/021346.840:WARNING:page_discarding_helper.cc(138)] Discarding multiple pages with target (kb): 0
[30320:38488:0518/021351.843:WARNING:page_discarding_helper.cc(138)] Discarding multiple pages with target (kb): 0
[30320:38488:0518/021356.846:WARNING:page_discarding_helper.cc(138)] Discarding multiple pages with target (kb): 0
[30320:38488:0518/021401.855:WARNING:page_discarding_helper.cc(138)] Discarding multiple pages with target (kb): 0
[30320:38488:0518/022226.764:WARNING:pref_notifier_impl.cc(41)] Pref observer for media_router.cast_allow_all_ips found at shutdown.
